{"timestamp":"2025-11-26T22:16:55.512Z","level":"INFO","message":"🕐 Test Scheduler başlatılıyor...","pid":37238}
{"timestamp":"2025-11-26T22:16:55.512Z","level":"INFO","message":"CosmicQA Backend Server started","port":3001,"healthCheck":"http://localhost:3001/api/health","nodeVersion":"v25.2.1","pid":37238}
{"timestamp":"2025-11-26T22:16:55.513Z","level":"INFO","message":"✅ 0 aktif zamanlama yüklendi","pid":37238}
{"timestamp":"2025-11-26T22:16:55.513Z","level":"INFO","message":"🔧 Mevcut zamanlamaların nextRun değerleri düzeltiliyor...","pid":37238}
{"timestamp":"2025-11-26T22:16:55.513Z","level":"INFO","message":"✅ Tüm zamanlamalar düzeltildi","pid":37238}
{"timestamp":"2025-11-26T22:17:02.598Z","level":"INFO","message":"Client connected","totalClients":1,"pid":37238}
{"timestamp":"2025-11-26T22:17:02.676Z","level":"INFO","message":"Client connected","totalClients":2,"pid":37238}
{"timestamp":"2025-11-26T22:17:02.716Z","level":"INFO","message":"Client connected","totalClients":3,"pid":37238}
{"timestamp":"2025-11-26T22:17:02.729Z","level":"INFO","message":"Client connected","totalClients":4,"pid":37238}
{"timestamp":"2025-11-26T22:17:02.742Z","level":"INFO","message":"Client connected","totalClients":5,"pid":37238}
{"timestamp":"2025-11-26T22:18:42.065Z","level":"INFO","message":"Client disconnected","totalClients":4,"pid":37238}
{"timestamp":"2025-11-26T22:18:42.067Z","level":"INFO","message":"Client disconnected","totalClients":0,"pid":37238}
{"timestamp":"2025-11-26T22:18:42.066Z","level":"INFO","message":"Client disconnected","totalClients":2,"pid":37238}
{"timestamp":"2025-11-26T22:18:42.066Z","level":"INFO","message":"Client disconnected","totalClients":3,"pid":37238}
{"timestamp":"2025-11-26T22:18:42.066Z","level":"INFO","message":"Client disconnected","totalClients":1,"pid":37238}
{"timestamp":"2025-11-26T22:18:42.526Z","level":"INFO","message":"Client connected","totalClients":1,"pid":37238}
{"timestamp":"2025-11-26T22:18:42.580Z","level":"INFO","message":"Client connected","totalClients":2,"pid":37238}
{"timestamp":"2025-11-26T22:18:42.612Z","level":"INFO","message":"Client connected","totalClients":3,"pid":37238}
{"timestamp":"2025-11-26T22:18:42.703Z","level":"INFO","message":"Client connected","totalClients":4,"pid":37238}
{"timestamp":"2025-11-26T22:18:42.738Z","level":"INFO","message":"Client connected","totalClients":5,"pid":37238}
{"timestamp":"2025-11-26T22:20:03.170Z","level":"INFO","message":"Client disconnected","totalClients":4,"pid":37238}
{"timestamp":"2025-11-26T22:20:03.171Z","level":"INFO","message":"Client disconnected","totalClients":3,"pid":37238}
{"timestamp":"2025-11-26T22:20:03.172Z","level":"INFO","message":"Client disconnected","totalClients":0,"pid":37238}
{"timestamp":"2025-11-26T22:20:03.172Z","level":"INFO","message":"Client disconnected","totalClients":1,"pid":37238}
{"timestamp":"2025-11-26T22:20:03.172Z","level":"INFO","message":"Client disconnected","totalClients":2,"pid":37238}
{"timestamp":"2025-11-26T22:20:17.764Z","level":"INFO","message":"CosmicQA Backend Server started","port":3001,"healthCheck":"http://localhost:3001/api/health","nodeVersion":"v25.2.1","pid":37676}
{"timestamp":"2025-11-26T22:20:17.764Z","level":"INFO","message":"🕐 Test Scheduler başlatılıyor...","pid":37676}
{"timestamp":"2025-11-26T22:20:17.765Z","level":"INFO","message":"✅ 0 aktif zamanlama yüklendi","pid":37676}
{"timestamp":"2025-11-26T22:20:17.765Z","level":"INFO","message":"🔧 Mevcut zamanlamaların nextRun değerleri düzeltiliyor...","pid":37676}
{"timestamp":"2025-11-26T22:20:17.765Z","level":"INFO","message":"✅ Tüm zamanlamalar düzeltildi","pid":37676}
{"timestamp":"2025-11-26T22:20:32.314Z","level":"INFO","message":"Client connected","totalClients":1,"pid":37676}
{"timestamp":"2025-11-26T22:20:32.329Z","level":"INFO","message":"Client connected","totalClients":2,"pid":37676}
{"timestamp":"2025-11-26T22:20:32.359Z","level":"INFO","message":"Client connected","totalClients":3,"pid":37676}
{"timestamp":"2025-11-26T22:20:32.371Z","level":"INFO","message":"Client connected","totalClients":4,"pid":37676}
{"timestamp":"2025-11-26T22:20:32.383Z","level":"INFO","message":"Client connected","totalClients":5,"pid":37676}
{"timestamp":"2025-11-26T22:20:51.959Z","level":"INFO","message":"Client disconnected","totalClients":4,"pid":37676}
{"timestamp":"2025-11-26T22:20:51.960Z","level":"INFO","message":"Client connected","totalClients":5,"pid":37676}
{"timestamp":"2025-11-26T22:20:51.960Z","level":"INFO","message":"Client disconnected","totalClients":2,"pid":37676}
{"timestamp":"2025-11-26T22:20:51.960Z","level":"INFO","message":"Client disconnected","totalClients":4,"pid":37676}
{"timestamp":"2025-11-26T22:20:51.960Z","level":"INFO","message":"Client disconnected","totalClients":3,"pid":37676}
{"timestamp":"2025-11-26T22:20:51.961Z","level":"INFO","message":"Client disconnected","totalClients":1,"pid":37676}
{"timestamp":"2025-11-26T22:20:51.977Z","level":"INFO","message":"Client connected","totalClients":2,"pid":37676}
{"timestamp":"2025-11-26T22:20:51.990Z","level":"INFO","message":"Client connected","totalClients":3,"pid":37676}
